Mono path[0] = '/Users/minchichi/Developer/MonsterBattle/Builds/Shieldfront.app/Contents/Resources/Data/Managed'
Mono config path = '/Users/minchichi/Developer/MonsterBattle/Builds/Shieldfront.app/Contents/MonoBleedingEdge/etc'
CodeReloadManager initialized
Input System module state changed to: Initialized.
[Physics::Module] Initialized fallback backend.
[Physics::Module] Id: 0xdecafbad
 preferred device: Apple M5 Pro (high power)
Metal devices available: 1
0: Apple M5 Pro (high power)
Using device Apple M5 Pro (high power)
Initialize engine version: 6000.6.0f1 (f7f8ed4d1e24)
[EntityIdStore] init: VM path (explicit commit), pageSize=16384, blockCount=262144, entitiesPerBlock=1024, slots reserved=4294967296 bytes
[Subsystems] Discovering subsystems at path /Users/minchichi/Developer/MonsterBattle/Builds/Shieldfront.app/Contents/Resources/Data/UnitySubsystems
GfxDevice: creating device client; kGfxThreadingModeThreaded
Initializing Metal device caps: Apple M5 Pro
Mac GPU Family: 2
Apple GPU Family: 9
MSL Version: 3.0
Has Float MSAA: 1
Has Float Filtering: 1
ReadWrite Texture Tier: 2
Begin MonoManager ReloadAssembly
- Finished resetting the current domain, in  0.005 seconds
[Physics::Module] Selected backend.
[Physics::Module] Name: PhysX
[Physics::Module] Id: 0xf2b8ea05
[Physics::Module] SDK Version: 4.1.2
[Physics::Module] Integration Version: 1.0.0
[Physics::Module] Threading Mode: Multi-Threaded
Metal RecreateSurface[0x10a491340]: surface size 1440x900
UnloadTime: 0.743041 ms
Shader 'Hidden/Universal Render Pipeline/GaussianDepthOfField' is not supported or has been stripped from the build (in 'DepthOfFieldGaussianPostProcessPass'). PostProcessing render passes will not execute.
Shader 'Hidden/Universal Render Pipeline/GaussianDepthOfField' is not supported or has been stripped from the build (in 'DepthOfFieldGaussianPostProcessPass'). PostProcessing render passes will not execute.
Shader 'Hidden/Universal Render Pipeline/BokehDepthOfField' is not supported or has been stripped from the build (in 'DepthOfFieldBokehPostProcessPass'). PostProcessing render passes will not execute.
Shader 'Hidden/Universal Render Pipeline/PaniniProjection' is not supported or has been stripped from the build (in 'PaniniProjectionPostProcessPass'). PostProcessing render passes will not execute.
GPU Resident Drawer created.
Thread 0x171d93000 may have been prematurely finalized
GPU Resident Drawer disposed.
[Physics::Module] Cleanup current backend.
[Physics::Module] Id: 0xf2b8ea05
Input System module state changed to: ShutdownInProgress.
Input Polling Thread exited.
Input System module state changed to: Shutdown.
Thread 0x170767000 may have been prematurely finalized
Thread 0x170aaf000 may have been prematurely finalized
Thread 0x170bc7000 may have been prematurely finalized
Thread 0x170cdf000 may have been prematurely finalized
Thread 0x170df7000 may have been prematurely finalized
Thread 0x170a23000 may have been prematurely finalized
Thread 0x170b3b000 may have been prematurely finalized
Thread 0x1707f3000 may have been prematurely finalized
Thread 0x17087f000 may have been prematurely finalized
Thread 0x170c53000 may have been prematurely finalized
Thread 0x170d6b000 may have been prematurely finalized
Thread 0x17090b000 may have been prematurely finalized
Thread 0x170997000 may have been prematurely finalized
Thread 0x170e83000 may have been prematurely finalized
CodeReloadManager destroyed
